This is pdfTeX, Version 3.141592653-2.6-1.40.27 (MiKTeX 25.3) (preloaded format=pdflatex 2025.3.22)  14 JAN 2026 17:17
entering extended mode
 restricted \write18 enabled.
 file:line:error style messages enabled.
 %&-line parsing enabled.
**d:/Github/Vid-Scratch-SRS/document.tex
(d:/Github/Vid-Scratch-SRS/document.tex
LaTeX2e <2024-11-01> patch level 2
L3 programming layer <2025-01-18>
(C:\Users\aumna\AppData\Local\Programs\MiKTeX\tex/latex/base\report.cls
Document Class: report 2024/06/29 v1.4n Standard LaTeX document class
(C:\Users\aumna\AppData\Local\Programs\MiKTeX\tex/latex/base\size10.clo
File: size10.clo 2024/06/29 v1.4n Standard LaTeX file (size option)
)
\c@part=\count196
\c@chapter=\count197
\c@section=\count198
\c@subsection=\count199
\c@subsubsection=\count266
\c@paragraph=\count267
\c@subparagraph=\count268
\c@figure=\count269
\c@table=\count270
\abovecaptionskip=\skip49
\belowcaptionskip=\skip50
\bibindent=\dimen141
) (skesrsstyles.sty (C:\Users\aumna\AppData\Local\Programs\MiKTeX\tex/latex/geometry\geometry.sty
Package: geometry 2020/01/02 v5.9 Page Geometry
 (C:\Users\aumna\AppData\Local\Programs\MiKTeX\tex/latex/graphics\keyval.sty
Package: keyval 2022/05/29 v1.15 key=value parser (DPC)
\KV@toks@=\toks17
) (C:\Users\aumna\AppData\Local\Programs\MiKTeX\tex/generic/iftex\ifvtex.sty
Package: ifvtex 2019/10/25 v1.7 ifvtex legacy package. Use iftex instead.
 (C:\Users\aumna\AppData\Local\Programs\MiKTeX\tex/generic/iftex\iftex.sty
Package: iftex 2024/12/12 v1.0g TeX engine tests
))
\Gm@cnth=\count271
\Gm@cntv=\count272
\c@Gm@tempcnt=\count273
\Gm@bindingoffset=\dimen142
\Gm@wd@mp=\dimen143
\Gm@odd@mp=\dimen144
\Gm@even@mp=\dimen145
\Gm@layoutwidth=\dimen146
\Gm@layoutheight=\dimen147
\Gm@layouthoffset=\dimen148
\Gm@layoutvoffset=\dimen149
\Gm@dimlist=\toks18
 (C:\Users\aumna\AppData\Local\Programs\MiKTeX\tex/latex/geometry\geometry.cfg)) (C:\Users\aumna\AppData\Local\Programs\MiKTeX\tex/latex/fancyhdr\fancyhdr.sty
Package: fancyhdr 2025/02/07 v5.2 Extensive control of page headers and footers
\f@nch@headwidth=\skip51
\f@nch@offset@elh=\skip52
\f@nch@offset@erh=\skip53
\f@nch@offset@olh=\skip54
\f@nch@offset@orh=\skip55
\f@nch@offset@elf=\skip56
\f@nch@offset@erf=\skip57
\f@nch@offset@olf=\skip58
\f@nch@offset@orf=\skip59
\f@nch@height=\skip60
\f@nch@footalignment=\skip61
\f@nch@widthL=\skip62
\f@nch@widthC=\skip63
\f@nch@widthR=\skip64
\@temptokenb=\toks19
)) (C:\Users\aumna\AppData\Local\Programs\MiKTeX\tex/latex/base\inputenc.sty
Package: inputenc 2024/02/08 v1.3d Input encoding file
\inpenc@prehook=\toks20
\inpenc@posthook=\toks21
) (C:\Users\aumna\AppData\Local\Programs\MiKTeX\tex/latex/base\fontenc.sty
Package: fontenc 2021/04/29 v2.0v Standard LaTeX package
) (C:\Users\aumna\AppData\Local\Programs\MiKTeX\tex/latex/psnfss\mathptmx.sty
Package: mathptmx 2020/03/25 PSNFSS-v9.3 Times w/ Math, improved (SPQR, WaS) 
LaTeX Font Info:    Redeclaring symbol font `operators' on input line 28.
LaTeX Font Info:    Overwriting symbol font `operators' in version `normal'
(Font)                  OT1/cmr/m/n --> OT1/ztmcm/m/n on input line 28.
LaTeX Font Info:    Overwriting symbol font `operators' in version `bold'
(Font)                  OT1/cmr/bx/n --> OT1/ztmcm/m/n on input line 28.
LaTeX Font Info:    Redeclaring symbol font `letters' on input line 29.
LaTeX Font Info:    Overwriting symbol font `letters' in version `normal'
(Font)                  OML/cmm/m/it --> OML/ztmcm/m/it on input line 29.
LaTeX Font Info:    Overwriting symbol font `letters' in version `bold'
(Font)                  OML/cmm/b/it --> OML/ztmcm/m/it on input line 29.
LaTeX Font Info:    Redeclaring symbol font `symbols' on input line 30.
LaTeX Font Info:    Overwriting symbol font `symbols' in version `normal'
(Font)                  OMS/cmsy/m/n --> OMS/ztmcm/m/n on input line 30.
LaTeX Font Info:    Overwriting symbol font `symbols' in version `bold'
(Font)                  OMS/cmsy/b/n --> OMS/ztmcm/m/n on input line 30.
LaTeX Font Info:    Redeclaring symbol font `largesymbols' on input line 31.
LaTeX Font Info:    Overwriting symbol font `largesymbols' in version `normal'
(Font)                  OMX/cmex/m/n --> OMX/ztmcm/m/n on input line 31.
LaTeX Font Info:    Overwriting symbol font `largesymbols' in version `bold'
(Font)                  OMX/cmex/m/n --> OMX/ztmcm/m/n on input line 31.
\symbold=\mathgroup4
\symitalic=\mathgroup5
LaTeX Font Info:    Redeclaring math alphabet \mathbf on input line 34.
LaTeX Font Info:    Overwriting math alphabet `\mathbf' in version `normal'
(Font)                  OT1/cmr/bx/n --> OT1/ptm/bx/n on input line 34.
LaTeX Font Info:    Overwriting math alphabet `\mathbf' in version `bold'
(Font)                  OT1/cmr/bx/n --> OT1/ptm/bx/n on input line 34.
LaTeX Font Info:    Redeclaring math alphabet \mathit on input line 35.
LaTeX Font Info:    Overwriting math alphabet `\mathit' in version `normal'
(Font)                  OT1/cmr/m/it --> OT1/ptm/m/it on input line 35.
LaTeX Font Info:    Overwriting math alphabet `\mathit' in version `bold'
(Font)                  OT1/cmr/bx/it --> OT1/ptm/m/it on input line 35.
LaTeX Info: Redefining \hbar on input line 50.
) (C:\Users\aumna\AppData\Local\Programs\MiKTeX\tex/latex/hyperref\hyperref.sty
Package: hyperref 2024-11-05 v7.01l Hypertext links for LaTeX
 (C:\Users\aumna\AppData\Local\Programs\MiKTeX\tex/latex/kvsetkeys\kvsetkeys.sty
Package: kvsetkeys 2022-10-05 v1.19 Key value parser (HO)
) (C:\Users\aumna\AppData\Local\Programs\MiKTeX\tex/generic/kvdefinekeys\kvdefinekeys.sty
Package: kvdefinekeys 2019-12-19 v1.6 Define keys (HO)
) (C:\Users\aumna\AppData\Local\Programs\MiKTeX\tex/generic/pdfescape\pdfescape.sty
Package: pdfescape 2019/12/09 v1.15 Implements pdfTeX's escape features (HO)
 (C:\Users\aumna\AppData\Local\Programs\MiKTeX\tex/generic/ltxcmds\ltxcmds.sty
Package: ltxcmds 2023-12-04 v1.26 LaTeX kernel commands for general use (HO)
) (C:\Users\aumna\AppData\Local\Programs\MiKTeX\tex/generic/pdftexcmds\pdftexcmds.sty
Package: pdftexcmds 2020-06-27 v0.33 Utility functions of pdfTeX for LuaTeX (HO)
 (C:\Users\aumna\AppData\Local\Programs\MiKTeX\tex/generic/infwarerr\infwarerr.sty
Package: infwarerr 2019/12/03 v1.5 Providing info/warning/error messages (HO)
)
Package pdftexcmds Info: \pdf@primitive is available.
Package pdftexcmds Info: \pdf@ifprimitive is available.
Package pdftexcmds Info: \pdfdraftmode found.
)) (C:\Users\aumna\AppData\Local\Programs\MiKTeX\tex/latex/hycolor\hycolor.sty
Package: hycolor 2020-01-27 v1.10 Color options for hyperref/bookmark (HO)
) (C:\Users\aumna\AppData\Local\Programs\MiKTeX\tex/latex/hyperref\nameref.sty
Package: nameref 2023-11-26 v2.56 Cross-referencing by name of section
 (C:\Users\aumna\AppData\Local\Programs\MiKTeX\tex/latex/refcount\refcount.sty
Package: refcount 2019/12/15 v3.6 Data extraction from label references (HO)
) (C:\Users\aumna\AppData\Local\Programs\MiKTeX\tex/generic/gettitlestring\gettitlestring.sty
Package: gettitlestring 2019/12/15 v1.6 Cleanup title references (HO)
 (C:\Users\aumna\AppData\Local\Programs\MiKTeX\tex/latex/kvoptions\kvoptions.sty
Package: kvoptions 2022-06-15 v3.15 Key value format for package options (HO)
))
\c@section@level=\count274
) (C:\Users\aumna\AppData\Local\Programs\MiKTeX\tex/latex/etoolbox\etoolbox.sty
Package: etoolbox 2025/02/11 v2.5l e-TeX tools for LaTeX (JAW)
\etb@tempcnta=\count275
) (C:\Users\aumna\AppData\Local\Programs\MiKTeX\tex/generic/stringenc\stringenc.sty
Package: stringenc 2019/11/29 v1.12 Convert strings between diff. encodings (HO)
)
\@linkdim=\dimen150
\Hy@linkcounter=\count276
\Hy@pagecounter=\count277
 (C:\Users\aumna\AppData\Local\Programs\MiKTeX\tex/latex/hyperref\pd1enc.def
File: pd1enc.def 2024-11-05 v7.01l Hyperref: PDFDocEncoding definition (HO)
Now handling font encoding PD1 ...
... no UTF-8 mapping file for font encoding PD1
) (C:\Users\aumna\AppData\Local\Programs\MiKTeX\tex/generic/intcalc\intcalc.sty
Package: intcalc 2019/12/15 v1.3 Expandable calculations with integers (HO)
)
\Hy@SavedSpaceFactor=\count278
 (C:\Users\aumna\AppData\Local\Programs\MiKTeX\tex/latex/hyperref\puenc.def
File: puenc.def 2024-11-05 v7.01l Hyperref: PDF Unicode definition (HO)
Now handling font encoding PU ...
... no UTF-8 mapping file for font encoding PU
)
Package hyperref Info: Hyper figures OFF on input line 4157.
Package hyperref Info: Link nesting OFF on input line 4162.
Package hyperref Info: Hyper index ON on input line 4165.
Package hyperref Info: Plain pages OFF on input line 4172.
Package hyperref Info: Backreferencing OFF on input line 4177.
Package hyperref Info: Implicit mode ON; LaTeX internals redefined.
Package hyperref Info: Bookmarks ON on input line 4424.
\c@Hy@tempcnt=\count279
 (C:\Users\aumna\AppData\Local\Programs\MiKTeX\tex/latex/url\url.sty
\Urlmuskip=\muskip17
Package: url 2013/09/16  ver 3.4  Verb mode for urls, etc.
)
LaTeX Info: Redefining \url on input line 4763.
\XeTeXLinkMargin=\dimen151
 (C:\Users\aumna\AppData\Local\Programs\MiKTeX\tex/generic/bitset\bitset.sty
Package: bitset 2019/12/09 v1.3 Handle bit-vector datatype (HO)
 (C:\Users\aumna\AppData\Local\Programs\MiKTeX\tex/generic/bigintcalc\bigintcalc.sty
Package: bigintcalc 2019/12/15 v1.5 Expandable calculations on big integers (HO)
))
\Fld@menulength=\count280
\Field@Width=\dimen152
\Fld@charsize=\dimen153
Package hyperref Info: Hyper figures OFF on input line 6042.
Package hyperref Info: Link nesting OFF on input line 6047.
Package hyperref Info: Hyper index ON on input line 6050.
Package hyperref Info: backreferencing OFF on input line 6057.
Package hyperref Info: Link coloring OFF on input line 6062.
Package hyperref Info: Link coloring with OCG OFF on input line 6067.
Package hyperref Info: PDF/A mode OFF on input line 6072.
 (C:\Users\aumna\AppData\Local\Programs\MiKTeX\tex/latex/base\atbegshi-ltx.sty
Package: atbegshi-ltx 2021/01/10 v1.0c Emulation of the original atbegshi
package with kernel methods
)
\Hy@abspage=\count281
\c@Item=\count282
\c@Hfootnote=\count283
)
Package hyperref Info: Driver (autodetected): hpdftex.
 (C:\Users\aumna\AppData\Local\Programs\MiKTeX\tex/latex/hyperref\hpdftex.def
File: hpdftex.def 2024-11-05 v7.01l Hyperref driver for pdfTeX
 (C:\Users\aumna\AppData\Local\Programs\MiKTeX\tex/latex/base\atveryend-ltx.sty
Package: atveryend-ltx 2020/08/19 v1.0a Emulation of the original atveryend package
with kernel methods
)
\Fld@listcount=\count284
\c@bookmark@seq@number=\count285
 (C:\Users\aumna\AppData\Local\Programs\MiKTeX\tex/latex/rerunfilecheck\rerunfilecheck.sty
Package: rerunfilecheck 2022-07-10 v1.10 Rerun checks for auxiliary files (HO)
 (C:\Users\aumna\AppData\Local\Programs\MiKTeX\tex/generic/uniquecounter\uniquecounter.sty
Package: uniquecounter 2019/12/15 v1.4 Provide unlimited unique counter (HO)
)
Package uniquecounter Info: New unique counter `rerunfilecheck' on input line 285.
)
\Hy@SectionHShift=\skip65
) (C:\Users\aumna\AppData\Local\Programs\MiKTeX\tex/latex/microtype\microtype.sty
Package: microtype 2025/02/11 v3.2a Micro-typographical refinements (RS)
\MT@toks=\toks22
\MT@tempbox=\box52
\MT@count=\count286
LaTeX Info: Redefining \noprotrusionifhmode on input line 1087.
LaTeX Info: Redefining \leftprotrusion on input line 1088.
\MT@prot@toks=\toks23
LaTeX Info: Redefining \rightprotrusion on input line 1107.
LaTeX Info: Redefining \textls on input line 1449.
\MT@outer@kern=\dimen154
LaTeX Info: Redefining \microtypecontext on input line 2053.
LaTeX Info: Redefining \textmicrotypecontext on input line 2070.
\MT@listname@count=\count287
 (C:\Users\aumna\AppData\Local\Programs\MiKTeX\tex/latex/microtype\microtype-pdftex.def
File: microtype-pdftex.def 2025/02/11 v3.2a Definitions specific to pdftex (RS)
LaTeX Info: Redefining \lsstyle on input line 944.
LaTeX Info: Redefining \lslig on input line 944.
\MT@outer@space=\skip66
)
Package microtype Info: Loading configuration file microtype.cfg.
 (C:\Users\aumna\AppData\Local\Programs\MiKTeX\tex/latex/microtype\microtype.cfg
File: microtype.cfg 2025/02/11 v3.2a microtype main configuration file (RS)
)
LaTeX Info: Redefining \microtypesetup on input line 3065.
) (C:\Users\aumna\AppData\Local\Programs\MiKTeX\tex/latex/cleveref\cleveref.sty
Package: cleveref 2018/03/27 v0.21.4 Intelligent cross-referencing
Package cleveref Info: `hyperref' support loaded on input line 2370.
LaTeX Info: Redefining \cref on input line 2370.
LaTeX Info: Redefining \Cref on input line 2370.
LaTeX Info: Redefining \crefrange on input line 2370.
LaTeX Info: Redefining \Crefrange on input line 2370.
LaTeX Info: Redefining \cpageref on input line 2370.
LaTeX Info: Redefining \Cpageref on input line 2370.
LaTeX Info: Redefining \cpagerefrange on input line 2370.
LaTeX Info: Redefining \Cpagerefrange on input line 2370.
LaTeX Info: Redefining \labelcref on input line 2370.
LaTeX Info: Redefining \labelcpageref on input line 2370.
) (C:\Users\aumna\AppData\Local\Programs\MiKTeX\tex/latex/graphics\graphicx.sty
Package: graphicx 2021/09/16 v1.2d Enhanced LaTeX Graphics (DPC,SPQR)
 (C:\Users\aumna\AppData\Local\Programs\MiKTeX\tex/latex/graphics\graphics.sty
Package: graphics 2024/08/06 v1.4g Standard LaTeX Graphics (DPC,SPQR)
 (C:\Users\aumna\AppData\Local\Programs\MiKTeX\tex/latex/graphics\trig.sty
Package: trig 2023/12/02 v1.11 sin cos tan (DPC)
) (C:\Users\aumna\AppData\Local\Programs\MiKTeX\tex/latex/graphics-cfg\graphics.cfg
File: graphics.cfg 2016/06/04 v1.11 sample graphics configuration
)
Package graphics Info: Driver file: pdftex.def on input line 106.
 (C:\Users\aumna\AppData\Local\Programs\MiKTeX\tex/latex/graphics-def\pdftex.def
File: pdftex.def 2024/04/13 v1.2c Graphics/color driver for pdftex
))
\Gin@req@height=\dimen155
\Gin@req@width=\dimen156
) (C:\Users\aumna\AppData\Local\Programs\MiKTeX\tex/latex/tools\tabularx.sty
Package: tabularx 2023/12/11 v2.12a `tabularx' package (DPC)
 (C:\Users\aumna\AppData\Local\Programs\MiKTeX\tex/latex/tools\array.sty
Package: array 2024/10/17 v2.6g Tabular extension package (FMi)
\col@sep=\dimen157
\ar@mcellbox=\box53
\extrarowheight=\dimen158
\NC@list=\toks24
\extratabsurround=\skip67
\backup@length=\skip68
\ar@cellbox=\box54
)
\TX@col@width=\dimen159
\TX@old@table=\dimen160
\TX@old@col=\dimen161
\TX@target=\dimen162
\TX@delta=\dimen163
\TX@cols=\count288
\TX@ftn=\toks25
) (C:\Users\aumna\AppData\Local\Programs\MiKTeX\tex/latex/tools\indentfirst.sty
Package: indentfirst 2023/07/02 v1.03 Indent first paragraph (DPC)
) (C:\Users\aumna\AppData\Local\Programs\MiKTeX\tex/latex/enumitem\enumitem.sty
Package: enumitem 2025/02/06 v3.11 Customized lists
\labelindent=\skip69
\enit@outerparindent=\dimen164
\enit@toks=\toks26
\enit@inbox=\box55
\enit@count@id=\count289
\enitdp@description=\count290
)
LaTeX Font Info:    Trying to load font information for T1+ptm on input line 36.
 (C:\Users\aumna\AppData\Local\Programs\MiKTeX\tex/latex/psnfss\t1ptm.fd
File: t1ptm.fd 2001/06/04 font definitions for T1/ptm.
) (C:\Users\aumna\AppData\Local\Programs\MiKTeX\tex/latex/l3backend\l3backend-pdftex.def
File: l3backend-pdftex.def 2024-05-08 L3 backend support: PDF output (pdfTeX)
\l__color_backend_stack_int=\count291
\l__pdf_internal_box=\box56
)
No file document.aux.
\openout1 = `document.aux'.

LaTeX Font Info:    Checking defaults for OML/cmm/m/it on input line 36.
LaTeX Font Info:    ... okay on input line 36.
LaTeX Font Info:    Checking defaults for OMS/cmsy/m/n on input line 36.
LaTeX Font Info:    ... okay on input line 36.
LaTeX Font Info:    Checking defaults for OT1/cmr/m/n on input line 36.
LaTeX Font Info:    ... okay on input line 36.
LaTeX Font Info:    Checking defaults for T1/cmr/m/n on input line 36.
LaTeX Font Info:    ... okay on input line 36.
LaTeX Font Info:    Checking defaults for TS1/cmr/m/n on input line 36.
LaTeX Font Info:    ... okay on input line 36.
LaTeX Font Info:    Checking defaults for OMX/cmex/m/n on input line 36.
LaTeX Font Info:    ... okay on input line 36.
LaTeX Font Info:    Checking defaults for U/cmr/m/n on input line 36.
LaTeX Font Info:    ... okay on input line 36.
LaTeX Font Info:    Checking defaults for PD1/pdf/m/n on input line 36.
LaTeX Font Info:    ... okay on input line 36.
LaTeX Font Info:    Checking defaults for PU/pdf/m/n on input line 36.
LaTeX Font Info:    ... okay on input line 36.
*geometry* driver: auto-detecting
*geometry* detected driver: pdftex
*geometry* verbose mode - [ preamble ] result:
* driver: pdftex
* paper: a4paper
* layout: <same size as paper>
* layoutoffset:(h,v)=(0.0pt,0.0pt)
* modes: 
* h-part:(L,W,R)=(89.62709pt, 418.25368pt, 89.6271pt)
* v-part:(T,H,B)=(101.40665pt, 591.5302pt, 152.11pt)
* \paperwidth=597.50787pt
* \paperheight=845.04684pt
* \textwidth=418.25368pt
* \textheight=591.5302pt
* \oddsidemargin=17.3571pt
* \evensidemargin=17.3571pt
* \topmargin=-7.86334pt
* \headheight=12.0pt
* \headsep=25.0pt
* \topskip=10.0pt
* \footskip=30.0pt
* \marginparwidth=65.0pt
* \marginparsep=11.0pt
* \columnsep=10.0pt
* \skip\footins=9.0pt plus 4.0pt minus 2.0pt
* \hoffset=0.0pt
* \voffset=0.0pt
* \mag=1000
* \@twocolumnfalse
* \@twosidefalse
* \@mparswitchfalse
* \@reversemarginfalse
* (1in=72.27pt=25.4mm, 1cm=28.453pt)

*geometry* verbose mode - [ newgeometry ] result:
* driver: pdftex
* paper: a4paper
* layout: <same size as paper>
* layoutoffset:(h,v)=(0.0pt,0.0pt)
* modes: 
* h-part:(L,W,R)=(108.405pt, 416.83289pt, 72.26999pt)
* v-part:(T,H,B)=(108.405pt, 664.37186pt, 72.26999pt)
* \paperwidth=597.50787pt
* \paperheight=845.04684pt
* \textwidth=416.83289pt
* \textheight=664.37186pt
* \oddsidemargin=36.13501pt
* \evensidemargin=36.13501pt
* \topmargin=-0.86499pt
* \headheight=12.0pt
* \headsep=25.0pt
* \topskip=10.0pt
* \footskip=30.0pt
* \marginparwidth=65.0pt
* \marginparsep=11.0pt
* \columnsep=10.0pt
* \skip\footins=9.0pt plus 4.0pt minus 2.0pt
* \hoffset=0.0pt
* \voffset=0.0pt
* \mag=1000
* \@twocolumnfalse
* \@twosidefalse
* \@mparswitchfalse
* \@reversemarginfalse
* (1in=72.27pt=25.4mm, 1cm=28.453pt)

\big@size=\dimen165
Package hyperref Info: Link coloring OFF on input line 36.
\@outlinefile=\write3
\openout3 = `document.out'.

LaTeX Info: Redefining \microtypecontext on input line 36.
Package microtype Info: Applying patch `item' on input line 36.
Package microtype Info: Applying patch `toc' on input line 36.
Package microtype Info: Applying patch `eqnum' on input line 36.
Package microtype Info: Applying patch `footnote' on input line 36.
Package microtype Info: Applying patch `verbatim' on input line 36.
LaTeX Info: Redefining \microtypesetup on input line 36.
Package microtype Info: Generating PDF output.
Package microtype Info: Character protrusion enabled (level 2).
Package microtype Info: Using default protrusion set `alltext'.
Package microtype Info: Automatic font expansion enabled (level 2),
(microtype)             stretch: 20, shrink: 20, step: 1, non-selected.
Package microtype Info: Using default expansion set `alltext-nott'.
LaTeX Info: Redefining \showhyphens on input line 36.
Package microtype Info: No adjustment of tracking.
Package microtype Info: No adjustment of interword spacing.
Package microtype Info: No adjustment of character kerning.
(C:\Users\aumna\AppData\Local\Programs\MiKTeX\tex/latex/microtype\mt-ptm.cfg
File: mt-ptm.cfg 2006/04/20 v1.7 microtype config. file: Times (RS)
) (C:\Users\aumna\AppData\Local\Programs\MiKTeX\tex/context/base/mkii\supp-pdf.mkii
[Loading MPS to PDF converter (version 2006.09.02).]
\scratchcounter=\count292
\scratchdimen=\dimen166
\scratchbox=\box57
\nofMPsegments=\count293
\nofMParguments=\count294
\everyMPshowfont=\toks27
\MPscratchCnt=\count295
\MPscratchDim=\dimen167
\MPnumerator=\count296
\makeMPintoPDFobject=\count297
\everyMPtoPDFconversion=\toks28
) (C:\Users\aumna\AppData\Local\Programs\MiKTeX\tex/latex/epstopdf-pkg\epstopdf-base.sty
Package: epstopdf-base 2020-01-24 v2.11 Base part for package epstopdf
Package epstopdf-base Info: Redefining graphics rule for `.eps' on input line 485.
 (C:\Users\aumna\AppData\Local\Programs\MiKTeX\tex/latex/00miktex\epstopdf-sys.cfg
File: epstopdf-sys.cfg 2021/03/18 v2.0 Configuration of epstopdf for MiKTeX
))
\openout2 = `partials/cover.aux'.

 (partials/cover.tex
*geometry* verbose mode - [ newgeometry ] result:
* driver: pdftex
* paper: a4paper
* layout: <same size as paper>
* layoutoffset:(h,v)=(0.0pt,0.0pt)
* modes: 
* h-part:(L,W,R)=(72.26999pt, 452.9679pt, 72.26999pt)
* v-part:(T,H,B)=(72.26999pt, 700.50687pt, 72.26999pt)
* \paperwidth=597.50787pt
* \paperheight=845.04684pt
* \textwidth=452.9679pt
* \textheight=700.50687pt
* \oddsidemargin=0.0pt
* \evensidemargin=0.0pt
* \topmargin=-37.0pt
* \headheight=12.0pt
* \headsep=25.0pt
* \topskip=10.0pt
* \footskip=30.0pt
* \marginparwidth=65.0pt
* \marginparsep=11.0pt
* \columnsep=10.0pt
* \skip\footins=9.0pt plus 4.0pt minus 2.0pt
* \hoffset=0.0pt
* \voffset=0.0pt
* \mag=1000
* \@twocolumnfalse
* \@twosidefalse
* \@mparswitchfalse
* \@reversemarginfalse
* (1in=72.27pt=25.4mm, 1cm=28.453pt)

<assets/ku/symbol.png, id=3, 308.352pt x 308.352pt>
File: assets/ku/symbol.png Graphic file (type png)
<use assets/ku/symbol.png>
Package pdftex.def Info: assets/ku/symbol.png  used on input line 5.
(pdftex.def)             Requested size: 122.85876pt x 122.85869pt.


[1




{C:/Users/aumna/AppData/Local/MiKTeX/fonts/map/pdftex/pdftex.map}{C:/Users/aumna/AppData/Local/Programs/MiKTeX/fonts/enc/dvips/base/8r.enc} <./assets/ku/symbol.png>])
\openout2 = `partials/innercover.aux'.

 (partials/innercover.tex
*geometry* verbose mode - [ newgeometry ] result:
* driver: pdftex
* paper: a4paper
* layout: <same size as paper>
* layoutoffset:(h,v)=(0.0pt,0.0pt)
* modes: 
* h-part:(L,W,R)=(72.26999pt, 452.9679pt, 72.26999pt)
* v-part:(T,H,B)=(108.405pt, 664.37186pt, 72.26999pt)
* \paperwidth=597.50787pt
* \paperheight=845.04684pt
* \textwidth=452.9679pt
* \textheight=664.37186pt
* \oddsidemargin=0.0pt
* \evensidemargin=0.0pt
* \topmargin=-0.86499pt
* \headheight=12.0pt
* \headsep=25.0pt
* \topskip=10.0pt
* \footskip=30.0pt
* \marginparwidth=65.0pt
* \marginparsep=11.0pt
* \columnsep=10.0pt
* \skip\footins=9.0pt plus 4.0pt minus 2.0pt
* \hoffset=0.0pt
* \voffset=0.0pt
* \mag=1000
* \@twocolumnfalse
* \@twosidefalse
* \@mparswitchfalse
* \@reversemarginfalse
* (1in=72.27pt=25.4mm, 1cm=28.453pt)

 (C:\Users\aumna\AppData\Local\Programs\MiKTeX\tex/latex/psnfss\ot1ztmcm.fd) (C:\Users\aumna\AppData\Local\Programs\MiKTeX\tex/latex/psnfss\omlztmcm.fd) (C:\Users\aumna\AppData\Local\Programs\MiKTeX\tex/latex/psnfss\omsztmcm.fd) (C:\Users\aumna\AppData\Local\Programs\MiKTeX\tex/latex/psnfss\omxztmcm.fd) (C:\Users\aumna\AppData\Local\Programs\MiKTeX\tex/latex/psnfss\ot1ptm.fd)
Underfull \hbox (badness 10000) in alignment at lines 39--39
[][] 
 []


Overfull \hbox (15.0pt too wide) in paragraph at lines 39--40
[][] 
 []



[2





])
\openout2 = `body/abstract.aux'.

 (body/abstract.tex)

[1




]
\openout2 = `body/acknowledgement.aux'.

 (body/acknowledgement.tex)

[2



]
No file document.toc.
\tf@toc=\write4
\openout4 = `document.toc'.



[3


]
No file document.lot.
\tf@lot=\write5
\openout5 = `document.lot'.



[4]
No file document.lof.
\tf@lof=\write6
\openout6 = `document.lof'.



[5]
\openout2 = `body/introduction.aux'.

 (body/introduction.tex
Chapter 1.

Underfull \hbox (badness 10000) in paragraph at lines 7--8

 []


Underfull \hbox (badness 10000) in paragraph at lines 9--10

 []


Underfull \hbox (badness 10000) in paragraph at lines 13--14

 []


Underfull \hbox (badness 10000) in paragraph at lines 15--16

 []




pdfTeX warning (ext4): destination with the same identifier (name{page.1}) has been already used, duplicate ignored
<to be read again> 
                   \relax 
l.17 T
      he controversy surrounding Generative AI isn’t just about copyright,... [1


]
Underfull \hbox (badness 10000) in paragraph at lines 17--18

 []


Underfull \hbox (badness 10000) in paragraph at lines 19--20

 []


Underfull \hbox (badness 10000) in paragraph at lines 21--22

 []


Underfull \hbox (badness 10000) in paragraph at lines 23--24

 []


Underfull \hbox (badness 10000) in paragraph at lines 25--26

 []


Underfull \vbox (badness 10000) has occurred while \output is active []




pdfTeX warning (ext4): destination with the same identifier (name{page.2}) has been already used, duplicate ignored
<to be read again> 
                   \relax 
l.26 
      [2]
Underfull \hbox (badness 10000) in paragraph at lines 27--28

 []


Underfull \hbox (badness 10000) in paragraph at lines 35--36

 []



[3]
Underfull \hbox (badness 6792) in paragraph at lines 56--57
[]\T1/ptm/m/n/14.4 (+20) Video Poi-son-ing: Poi-son the video by in-ject-ing
 []



[4]
LaTeX Font Info:    Trying to load font information for TS1+ptm on input line 66.
 (C:\Users\aumna\AppData\Local\Programs\MiKTeX\tex/latex/psnfss\ts1ptm.fd
File: ts1ptm.fd 2001/06/04 font definitions for TS1/ptm.
)

[5]
Underfull \hbox (badness 2368) in paragraph at lines 80--81
[]\T1/ptm/m/n/14.4 (+20) Its easy-to-use im-ple-men-ta-tion al-lows ev-ery-one to ap-ply AI
 []



[6]
<./assets/chapter_1/labels.png, id=80, 131.49126pt x 85.31876pt>
File: ./assets/chapter_1/labels.png Graphic file (type png)
<use ./assets/chapter_1/labels.png>
Package pdftex.def Info: ./assets/chapter_1/labels.png  used on input line 89.
(pdftex.def)             Requested size: 209.12683pt x 135.6991pt.
<./assets/chapter_1/timeline.png, id=81, 672.5125pt x 358.33875pt>
File: ./assets/chapter_1/timeline.png Graphic file (type png)
<use ./assets/chapter_1/timeline.png>
Package pdftex.def Info: ./assets/chapter_1/timeline.png  used on input line 95.
(pdftex.def)             Requested size: 418.25368pt x 222.86214pt.
)
Underfull \vbox (badness 10000) has occurred while \output is active []



[7

 <./assets/chapter_1/labels.png> <./assets/chapter_1/timeline.png>]

[8]
Underfull \vbox (badness 10000) has occurred while \output is active []



[9]

[10]
\openout2 = `body/relatedworks.aux'.

 (body/relatedworks.tex
Chapter 2.


[11



]
<./assets/chapter_2/competitors/competitive-analysis.png, id=109, 803.0pt x 1135.24126pt>
File: ./assets/chapter_2/competitors/competitive-analysis.png Graphic file (type png)
<use ./assets/chapter_2/competitors/competitive-analysis.png>
Package pdftex.def Info: ./assets/chapter_2/competitors/competitive-analysis.png  used on input line 16.
(pdftex.def)             Requested size: 209.12683pt x 295.6408pt.


[12

 <./assets/chapter_2/competitors/competitive-analysis.png>]
<./assets/chapter_2/competitors/Anti-DreamBooth_sample.jpg, id=118, 1250.6725pt x 947.54pt>
File: ./assets/chapter_2/competitors/Anti-DreamBooth_sample.jpg Graphic file (type jpg)
<use ./assets/chapter_2/competitors/Anti-DreamBooth_sample.jpg>
Package pdftex.def Info: ./assets/chapter_2/competitors/Anti-DreamBooth_sample.jpg  used on input line 40.
(pdftex.def)             Requested size: 209.12683pt x 158.43379pt.


[13

 <./assets/chapter_2/competitors/Anti-DreamBooth_sample.jpg (PNG copy)>]
<./assets/chapter_2/research/stAdv.png, id=127, 368.1253pt x 144.54pt>
File: ./assets/chapter_2/research/stAdv.png Graphic file (type png)
<use ./assets/chapter_2/research/stAdv.png>
Package pdftex.def Info: ./assets/chapter_2/research/stAdv.png  used on input line 63.
(pdftex.def)             Requested size: 209.12683pt x 82.11295pt.
<./assets/chapter_2/research/stAdv_with_LPIPS.png, id=128, 255.20343pt x 114.4275pt>
File: ./assets/chapter_2/research/stAdv_with_LPIPS.png Graphic file (type png)
<use ./assets/chapter_2/research/stAdv_with_LPIPS.png>
Package pdftex.def Info: ./assets/chapter_2/research/stAdv_with_LPIPS.png  used on input line 71.
(pdftex.def)             Requested size: 209.12683pt x 93.77179pt.
<./assets/chapter_2/research/stAdv_results.png, id=129, 371.13657pt x 249.93375pt>
File: ./assets/chapter_2/research/stAdv_results.png Graphic file (type png)
<use ./assets/chapter_2/research/stAdv_results.png>
Package pdftex.def Info: ./assets/chapter_2/research/stAdv_results.png  used on input line 79.
(pdftex.def)             Requested size: 209.12683pt x 140.83527pt.
<./assets/chapter_2/research/stAdv_against_other.png, id=130, 371.13657pt x 274.77657pt>
File: ./assets/chapter_2/research/stAdv_against_other.png Graphic file (type png)
<use ./assets/chapter_2/research/stAdv_against_other.png>
Package pdftex.def Info: ./assets/chapter_2/research/stAdv_against_other.png  used on input line 85.
(pdftex.def)             Requested size: 209.12683pt x 154.83395pt.


LaTeX Warning: `h' float specifier changed to `ht'.


LaTeX Warning: `h' float specifier changed to `ht'.



[14 <./assets/chapter_2/research/stAdv.png> <./assets/chapter_2/research/stAdv_with_LPIPS.png>]

[15 <./assets/chapter_2/research/stAdv_results.png> <./assets/chapter_2/research/stAdv_against_other.png>]
<./assets/chapter_2/research/BTC-UAP.png, id=150, 462.97969pt x 138.5175pt>
File: ./assets/chapter_2/research/BTC-UAP.png Graphic file (type png)
<use ./assets/chapter_2/research/BTC-UAP.png>
Package pdftex.def Info: ./assets/chapter_2/research/BTC-UAP.png  used on input line 95.
(pdftex.def)             Requested size: 209.12683pt x 62.56902pt.
<./assets/chapter_2/research/Temporal_consistency_results.png, id=151, 235.63031pt x 144.54pt>
File: ./assets/chapter_2/research/Temporal_consistency_results.png Graphic file (type png)
<use ./assets/chapter_2/research/Temporal_consistency_results.png>
Package pdftex.def Info: ./assets/chapter_2/research/Temporal_consistency_results.png  used on input line 105.
(pdftex.def)             Requested size: 209.12683pt x 128.28288pt.
)

[16

 <./assets/chapter_2/research/BTC-UAP.png> <./assets/chapter_2/research/Temporal_consistency_results.png>]
\openout2 = `body/requirementanalysis.aux'.

 (body/requirementanalysis.tex
\c@nuserstory=\count298
\c@nusecase=\count299

Chapter 3.


[17



]

[18]

[19]
<./assets/chapter_3/home.png, id=207, 748.29562pt x 543.53062pt>
File: ./assets/chapter_3/home.png Graphic file (type png)
<use ./assets/chapter_3/home.png>
Package pdftex.def Info: ./assets/chapter_3/home.png  used on input line 155.
(pdftex.def)             Requested size: 334.60422pt x 243.0439pt.


LaTeX Warning: `h' float specifier changed to `ht'.

<./assets/chapter_3/what is protractor.png, id=208, 749.04843pt x 542.77782pt>
File: ./assets/chapter_3/what is protractor.png Graphic file (type png)
<use ./assets/chapter_3/what is protractor.png>
Package pdftex.def Info: ./assets/chapter_3/what is protractor.png  used on input line 161.
(pdftex.def)             Requested size: 334.60422pt x 242.45882pt.

LaTeX Warning: `h' float specifier changed to `ht'.

<./assets/chapter_3/feedback.png, id=209, 748.29562pt x 543.53062pt>
File: ./assets/chapter_3/feedback.png Graphic file (type png)
<use ./assets/chapter_3/feedback.png>
Package pdftex.def Info: ./assets/chapter_3/feedback.png  used on input line 167.
(pdftex.def)             Requested size: 334.60422pt x 243.0439pt.

LaTeX Warning: `h' float specifier changed to `ht'.

<./assets/chapter_3/main process.png, id=210, 749.04843pt x 543.53062pt>
File: ./assets/chapter_3/main process.png Graphic file (type png)
<use ./assets/chapter_3/main process.png>
Package pdftex.def Info: ./assets/chapter_3/main process.png  used on input line 173.
(pdftex.def)             Requested size: 334.60422pt x 242.79509pt.

LaTeX Warning: `h' float specifier changed to `ht'.

)

[20]

[21 <./assets/chapter_3/home.png> <./assets/chapter_3/what is protractor.png>]

[22 <./assets/chapter_3/feedback.png> <./assets/chapter_3/main process.png>]
\openout2 = `body/softwarearchitecture.aux'.

 (body/softwarearchitecture.tex
Chapter 4.
<./assets/chapter_4/domain_diagram.png, id=245, 410.13225pt x 223.43475pt>
File: ./assets/chapter_4/domain_diagram.png Graphic file (type png)
<use ./assets/chapter_4/domain_diagram.png>
Package pdftex.def Info: ./assets/chapter_4/domain_diagram.png  used on input line 8.
(pdftex.def)             Requested size: 334.60422pt x 182.29034pt.


[23



 <./assets/chapter_4/domain_diagram.png>]
<./assets/chapter_4/class_diagram.png, id=256, 739.563pt x 650.43pt>
File: ./assets/chapter_4/class_diagram.png Graphic file (type png)
<use ./assets/chapter_4/class_diagram.png>
Package pdftex.def Info: ./assets/chapter_4/class_diagram.png  used on input line 29.
(pdftex.def)             Requested size: 334.60422pt x 294.28868pt.
<./assets/chapter_4/sequence_diagram.png, id=257, 1211.52625pt x 748.7975pt>
File: ./assets/chapter_4/sequence_diagram.png Graphic file (type png)
<use ./assets/chapter_4/sequence_diagram.png>
Package pdftex.def Info: ./assets/chapter_4/sequence_diagram.png  used on input line 37.
(pdftex.def)             Requested size: 334.60422pt x 206.80544pt.


[24 <./assets/chapter_4/class_diagram.png>])

[25 <./assets/chapter_4/sequence_diagram.png (PNG copy)>]
\openout2 = `body/aicomponent.aux'.

 (body/aicomponent.tex
Chapter 5.
body/aicomponent.tex:4: Misplaced alignment tab character &.
<argument> Business Context &
                              AI Integration
l.4 \section{Business Context & AI Integration}
                                               
I can't figure out why you would want to use a tab mark
here. If you just want an ampersand, the remedy is
simple: Just type `I\&' now. But if some right brace
up above has ended a previous alignment prematurely,
you're probably due for more error messages, and you
might try typing `S' now just to see what is salvageable.


Package hyperref Warning: Token not allowed in a PDF string (Unicode):
(hyperref)                removing `alignment tab' on input line 4.

<./assets/chapter_5/Domain_Diagram.png, id=274, 469.755pt x 348.30125pt>
File: ./assets/chapter_5/Domain_Diagram.png Graphic file (type png)
<use ./assets/chapter_5/Domain_Diagram.png>
Package pdftex.def Info: ./assets/chapter_5/Domain_Diagram.png  used on input line 10.
(pdftex.def)             Requested size: 334.60422pt x 248.0928pt.


[26



 <./assets/chapter_5/Domain_Diagram.png>]

[27]

[28]
Overfull \hbox (5.28488pt too wide) in paragraph at lines 109--126
 [][] 
 []



[29]

[30])

[31]
\openout2 = `body/softwaredevelopment.aux'.

 (body/softwaredevelopment.tex
Chapter 6.
<./assets/examples/tech-stack.png, id=326, 613.54219pt x 613.54219pt>
File: ./assets/examples/tech-stack.png Graphic file (type png)
<use ./assets/examples/tech-stack.png>
Package pdftex.def Info: ./assets/examples/tech-stack.png  used on input line 31.
(pdftex.def)             Requested size: 209.12683pt x 209.12585pt.

LaTeX Warning: `h' float specifier changed to `ht'.

)

[32



]

[33 <./assets/examples/tech-stack.png>]
\openout2 = `body/deliverable.aux'.

 (body/deliverable.tex
Chapter 7.
)

[34



]
\openout2 = `body/discussion.aux'.

 (body/discussion.tex
Chapter 8.
)

[35



] (common/onetextpage.tex)

[36



] (document.bbl)
\openout2 = `body/appendices.aux'.

 (body/appendices.tex (common/onetextpage.tex)
\c@nappendix=\count300


[37



]

[38

]

[39

]
LaTeX Font Info:    Font shape `OT1/ptm/bx/n' in size <20.74> not available
(Font)              Font shape `OT1/ptm/b/n' tried instead on input line 19.
LaTeX Font Info:    Font shape `OT1/ptm/bx/n' in size <12> not available
(Font)              Font shape `OT1/ptm/b/n' tried instead on input line 19.


LaTeX Warning: Citation `overleaf:learnlatex' on page 40 undefined on input line 29.

)

[40

] (document.aux (partials/cover.aux) (partials/innercover.aux) (body/abstract.aux) (body/acknowledgement.aux) (body/introduction.aux) (body/relatedworks.aux) (body/requirementanalysis.aux) (body/softwarearchitecture.aux) (body/aicomponent.aux) (body/softwaredevelopment.aux) (body/deliverable.aux) (body/discussion.aux) (body/appendices.aux))
 ***********
LaTeX2e <2024-11-01> patch level 2
L3 programming layer <2025-01-18>
 ***********


LaTeX Warning: There were undefined references.


LaTeX Warning: Label(s) may have changed. Rerun to get cross-references right.


Package rerunfilecheck Warning: File `document.out' has changed.
(rerunfilecheck)                Rerun to get outlines right
(rerunfilecheck)                or use package `bookmark'.

Package rerunfilecheck Info: Checksums for `document.out':
(rerunfilecheck)             Before: <no file>
(rerunfilecheck)             After:  7F7F99541816886C12878672567C39FE;10138.
 ) 
Here is how much of TeX's memory you used:
 14994 strings out of 473523
 261760 string characters out of 5714630
 677108 words of memory out of 5000000
 37449 multiletter control sequences out of 15000+600000
 632958 words of font info for 312 fonts, out of 8000000 for 9000
 1141 hyphenation exceptions out of 8191
 75i,12n,79p,1031b,618s stack positions out of 10000i,1000n,20000p,200000b,200000s
<C:/Users/aumna/AppData/Local/Programs/MiKTeX/fonts/type1/urw/symbol/usyr.pfb><C:/Users/aumna/AppData/Local/Programs/MiKTeX/fonts/type1/urw/times/utmb8a.pfb><C:/Users/aumna/AppData/Local/Programs/MiKTeX/fonts/type1/urw/times/utmbi8a.pfb><C:/Users/aumna/AppData/Local/Programs/MiKTeX/fonts/type1/urw/times/utmr8a.pfb>
Output written on document.pdf (47 pages, 4633879 bytes).
PDF statistics:
 439 PDF objects out of 1000 (max. 8388607)
 185 named destinations out of 1000 (max. 500000)
 86629 words of extra memory for PDF output out of 89155 (max. 10000000)

