\BOOKMARK [0][-]{chapter*.1}{\376\377\000A\000b\000s\000t\000r\000a\000c\000t}{}% 1
\BOOKMARK [0][-]{chapter*.2}{\376\377\000A\000c\000k\000n\000o\000w\000l\000e\000d\000g\000e\000m\000e\000n\000t}{}% 2
\BOOKMARK [0][-]{chapter*.4}{\376\377\000L\000i\000s\000t\000\040\000o\000f\000\040\000T\000a\000b\000l\000e\000s}{}% 3
\BOOKMARK [0][-]{chapter*.5}{\376\377\000L\000i\000s\000t\000\040\000o\000f\000\040\000F\000i\000g\000u\000r\000e\000s}{}% 4
\BOOKMARK [0][-]{chapter.1}{\376\377\000C\000h\000a\000p\000t\000e\000r\000\040\000I\000n\000t\000r\000o\000d\000u\000c\000t\000i\000o\000n}{}% 5
\BOOKMARK [1][-]{section.1.1}{\376\377\000B\000a\000c\000k\000g\000r\000o\000u\000n\000d}{chapter.1}% 6
\BOOKMARK [1][-]{section.1.2}{\376\377\000P\000r\000o\000b\000l\000e\000m\000\040\000S\000t\000a\000t\000e\000m\000e\000n\000t}{chapter.1}% 7
\BOOKMARK [1][-]{section.1.3}{\376\377\000S\000o\000l\000u\000t\000i\000o\000n\000\040\000O\000v\000e\000r\000v\000i\000e\000w}{chapter.1}% 8
\BOOKMARK [2][-]{subsection.1.3.1}{\376\377\000F\000e\000a\000t\000u\000r\000e\000s}{section.1.3}% 9
\BOOKMARK [1][-]{section.1.4}{\376\377\000T\000a\000r\000g\000e\000t\000\040\000U\000s\000e\000r}{chapter.1}% 10
\BOOKMARK [1][-]{section.1.5}{\376\377\000B\000e\000n\000e\000f\000i\000t}{chapter.1}% 11
\BOOKMARK [1][-]{section.1.6}{\376\377\000T\000i\000m\000e\000l\000i\000n\000e}{chapter.1}% 12
\BOOKMARK [1][-]{section.1.7}{\376\377\000T\000e\000r\000m\000i\000n\000o\000l\000o\000g\000y}{chapter.1}% 13
\BOOKMARK [0][-]{chapter.2}{\376\377\000C\000h\000a\000p\000t\000e\000r\000\040\000L\000i\000t\000e\000r\000a\000t\000u\000r\000e\000\040\000R\000e\000v\000i\000e\000w\000\040\000a\000n\000d\000\040\000R\000e\000l\000a\000t\000e\000d\000\040\000W\000o\000r\000k}{}% 14
\BOOKMARK [1][-]{section.2.1}{\376\377\000C\000o\000m\000p\000e\000t\000i\000t\000o\000r\000\040\000A\000n\000a\000l\000y\000s\000i\000s}{chapter.2}% 15
\BOOKMARK [1][-]{section.2.2}{\376\377\000L\000i\000t\000e\000r\000a\000t\000u\000r\000e\000\040\000R\000e\000v\000i\000e\000w}{chapter.2}% 16
\BOOKMARK [0][-]{chapter.3}{\376\377\000C\000h\000a\000p\000t\000e\000r\000\040\000R\000e\000q\000u\000i\000r\000e\000m\000e\000n\000t\000\040\000A\000n\000a\000l\000y\000s\000i\000s}{}% 17
\BOOKMARK [1][-]{section.3.1}{\376\377\000S\000t\000a\000k\000e\000h\000o\000l\000d\000e\000r\000\040\000A\000n\000a\000l\000y\000s\000i\000s}{chapter.3}% 18
\BOOKMARK [1][-]{section.3.2}{\376\377\000U\000s\000e\000r\000\040\000S\000t\000o\000r\000i\000e\000s}{chapter.3}% 19
\BOOKMARK [2][-]{subsection.3.2.1}{\376\377\000G\000e\000n\000e\000r\000a\000t\000e\000\040\000A\000I\000-\000A\000w\000a\000r\000e\000\040\000V\000i\000d\000e\000o\000\040\000V\000a\000r\000i\000a\000n\000t\000s}{section.3.2}% 20
\BOOKMARK [2][-]{subsection.3.2.2}{\376\377\000P\000r\000e\000s\000e\000r\000v\000e\000\040\000V\000i\000s\000u\000a\000l\000\040\000S\000i\000m\000i\000l\000a\000r\000i\000t\000y}{section.3.2}% 21
\BOOKMARK [2][-]{subsection.3.2.3}{\376\377\000C\000o\000n\000f\000i\000g\000u\000r\000e\000\040\000G\000e\000n\000e\000r\000a\000t\000i\000o\000n\000\040\000P\000a\000r\000a\000m\000e\000t\000e\000r\000s}{section.3.2}% 22
\BOOKMARK [2][-]{subsection.3.2.4}{\376\377\000T\000e\000s\000t\000\040\000I\000n\000f\000e\000r\000e\000n\000c\000e\000-\000T\000i\000m\000e\000\040\000V\000u\000l\000n\000e\000r\000a\000b\000i\000l\000i\000t\000y}{section.3.2}% 23
\BOOKMARK [2][-]{subsection.3.2.5}{\376\377\000P\000r\000e\000p\000a\000r\000e\000\040\000T\000r\000a\000i\000n\000i\000n\000g\000-\000T\000i\000m\000e\000\040\000P\000o\000i\000s\000o\000n\000e\000d\000\040\000S\000a\000m\000p\000l\000e\000s}{section.3.2}% 24
\BOOKMARK [2][-]{subsection.3.2.6}{\376\377\000P\000r\000o\000c\000e\000s\000s\000\040\000S\000h\000o\000r\000t\000\040\000V\000i\000d\000e\000o\000s\000\040\000E\000f\000f\000i\000c\000i\000e\000n\000t\000l\000y}{section.3.2}% 25
\BOOKMARK [2][-]{subsection.3.2.7}{\376\377\000M\000o\000n\000i\000t\000o\000r\000\040\000G\000e\000n\000e\000r\000a\000t\000i\000o\000n\000\040\000P\000r\000o\000g\000r\000e\000s\000s}{section.3.2}% 26
\BOOKMARK [1][-]{section.3.3}{\376\377\000U\000s\000e\000\040\000C\000a\000s\000e\000\040\000D\000i\000a\000g\000r\000a\000m}{chapter.3}% 27
\BOOKMARK [1][-]{section.3.4}{\376\377\000U\000s\000e\000\040\000C\000a\000s\000e\000\040\000M\000o\000d\000e\000l}{chapter.3}% 28
\BOOKMARK [2][-]{subsection.3.4.1}{\376\377\000U\000s\000e\000\040\000C\000a\000s\000e\000\040\0001\000:\000\040\000U\000p\000l\000o\000a\000d\000\040\000V\000i\000d\000e\000o}{section.3.4}% 29
\BOOKMARK [2][-]{subsection.3.4.2}{\376\377\000U\000s\000e\000\040\000C\000a\000s\000e\000\040\0002\000:\000\040\000C\000o\000n\000f\000i\000g\000u\000r\000e\000\040\000G\000e\000n\000e\000r\000a\000t\000i\000o\000n\000\040\000P\000a\000r\000a\000m\000e\000t\000e\000r\000s}{section.3.4}% 30
\BOOKMARK [2][-]{subsection.3.4.3}{\376\377\000U\000s\000e\000\040\000C\000a\000s\000e\000\040\0003\000:\000\040\000S\000t\000a\000r\000t\000\040\000A\000d\000v\000e\000r\000s\000a\000r\000i\000a\000l\000\040\000G\000e\000n\000e\000r\000a\000t\000i\000o\000n}{section.3.4}% 31
\BOOKMARK [2][-]{subsection.3.4.4}{\376\377\000U\000s\000e\000\040\000C\000a\000s\000e\000\040\0004\000:\000\040\000M\000o\000n\000i\000t\000o\000r\000\040\000P\000r\000o\000c\000e\000s\000s\000i\000n\000g\000\040\000P\000r\000o\000g\000r\000e\000s\000s}{section.3.4}% 32
\BOOKMARK [2][-]{subsection.3.4.5}{\376\377\000U\000s\000e\000\040\000C\000a\000s\000e\000\040\0005\000:\000\040\000P\000r\000e\000v\000i\000e\000w\000\040\000O\000u\000t\000p\000u\000t\000\040\000V\000i\000d\000e\000o}{section.3.4}% 33
\BOOKMARK [2][-]{subsection.3.4.6}{\376\377\000U\000s\000e\000\040\000C\000a\000s\000e\000\040\0006\000:\000\040\000E\000x\000p\000o\000r\000t\000\040\000O\000u\000t\000p\000u\000t\000\040\000V\000i\000d\000e\000o}{section.3.4}% 34
\BOOKMARK [1][-]{section.3.5}{\376\377\000U\000s\000e\000r\000\040\000I\000n\000t\000e\000r\000f\000a\000c\000e\000\040\000D\000e\000s\000i\000g\000n}{chapter.3}% 35
\BOOKMARK [0][-]{chapter.4}{\376\377\000C\000h\000a\000p\000t\000e\000r\000\040\000S\000o\000f\000t\000w\000a\000r\000e\000\040\000A\000r\000c\000h\000i\000t\000e\000c\000t\000u\000r\000e\000\040\000D\000e\000s\000i\000g\000n}{}% 36
\BOOKMARK [1][-]{section.4.1}{\376\377\000D\000o\000m\000a\000i\000n\000\040\000M\000o\000d\000e\000l}{chapter.4}% 37
\BOOKMARK [2][-]{subsection.4.1.1}{\376\377\000P\000r\000o\000c\000e\000s\000s\000o\000r}{section.4.1}% 38
\BOOKMARK [2][-]{subsection.4.1.2}{\376\377\000P\000o\000i\000s\000o\000n\000e\000r}{section.4.1}% 39
\BOOKMARK [2][-]{subsection.4.1.3}{\376\377\000V\000i\000d\000e\000o}{section.4.1}% 40
\BOOKMARK [2][-]{subsection.4.1.4}{\376\377\000F\000r\000a\000m\000e}{section.4.1}% 41
\BOOKMARK [1][-]{section.4.2}{\376\377\000D\000e\000s\000i\000g\000n\000\040\000C\000l\000a\000s\000s\000\040\000D\000i\000a\000g\000r\000a\000m}{chapter.4}% 42
\BOOKMARK [1][-]{section.4.3}{\376\377\000S\000e\000q\000u\000e\000n\000c\000e\000\040\000D\000i\000a\000g\000r\000a\000m}{chapter.4}% 43
\BOOKMARK [0][-]{chapter.5}{\376\377\000C\000h\000a\000p\000t\000e\000r\000\040\000A\000I\000\040\000C\000o\000m\000p\000o\000n\000e\000n\000t}{}% 44
\BOOKMARK [1][-]{section.5.1}{\376\377\000B\000u\000s\000i\000n\000e\000s\000s\000\040\000C\000o\000n\000t\000e\000x\000t\000\040\000\046\000\040\000A\000I\000\040\000I\000n\000t\000e\000g\000r\000a\000t\000i\000o\000n}{chapter.5}% 45
\BOOKMARK [1][-]{section.5.2}{\376\377\000G\000o\000a\000l\000\040\000H\000i\000e\000r\000a\000r\000c\000h\000y}{chapter.5}% 46
\BOOKMARK [1][-]{section.5.3}{\376\377\000T\000a\000s\000k\000\040\000R\000e\000q\000u\000i\000r\000e\000m\000e\000n\000t\000s\000\040\000A\000n\000a\000l\000y\000s\000i\000s\000\040\000U\000s\000i\000n\000g\000\040\000A\000I\000\040\000C\000a\000n\000v\000a\000s}{chapter.5}% 47
\BOOKMARK [2][-]{subsection.5.3.1}{\376\377\000A\000I\000\040\000T\000a\000s\000k\000\040\000R\000e\000q\000u\000i\000r\000e\000m\000e\000n\000t\000s}{section.5.3}% 48
\BOOKMARK [2][-]{subsection.5.3.2}{\376\377\000A\000I\000\040\000C\000a\000n\000v\000a\000s\000\040\000D\000e\000v\000e\000l\000o\000p\000m\000e\000n\000t}{section.5.3}% 49
\BOOKMARK [1][-]{section.5.4}{\376\377\000U\000s\000e\000r\000\040\000E\000x\000p\000e\000r\000i\000e\000n\000c\000e\000\040\000D\000e\000s\000i\000g\000n\000\040\000w\000i\000t\000h\000\040\000A\000I}{chapter.5}% 50
\BOOKMARK [2][-]{subsection.5.4.1}{\376\377\000I\000n\000t\000e\000r\000a\000c\000t\000i\000o\000n\000\040\000S\000t\000y\000l\000e}{section.5.4}% 51
\BOOKMARK [2][-]{subsection.5.4.2}{\376\377\000U\000s\000e\000r\000\040\000F\000e\000e\000d\000b\000a\000c\000k\000\040\000M\000e\000c\000h\000a\000n\000i\000s\000m}{section.5.4}% 52
\BOOKMARK [2][-]{subsection.5.4.3}{\376\377\000A\000I\000\040\000C\000o\000n\000t\000r\000i\000b\000u\000t\000i\000o\000n\000\040\000t\000o\000\040\000S\000y\000s\000t\000e\000m\000\040\000I\000n\000t\000e\000l\000l\000i\000g\000e\000n\000c\000e}{section.5.4}% 53
\BOOKMARK [0][-]{chapter.6}{\376\377\000C\000h\000a\000p\000t\000e\000r\000\040\000S\000o\000f\000t\000w\000a\000r\000e\000\040\000D\000e\000v\000e\000l\000o\000p\000m\000e\000n\000t}{}% 54
\BOOKMARK [1][-]{section.6.1}{\376\377\000S\000o\000f\000t\000w\000a\000r\000e\000\040\000D\000e\000v\000e\000l\000o\000p\000m\000e\000n\000t\000\040\000M\000e\000t\000h\000o\000d\000o\000l\000o\000g\000y}{chapter.6}% 55
\BOOKMARK [1][-]{section.6.2}{\376\377\000T\000e\000c\000h\000n\000o\000l\000o\000g\000y\000\040\000S\000t\000a\000c\000k}{chapter.6}% 56
\BOOKMARK [1][-]{section.6.3}{\376\377\000C\000o\000d\000i\000n\000g\000\040\000S\000t\000a\000n\000d\000a\000r\000d\000s}{chapter.6}% 57
\BOOKMARK [1][-]{section.6.4}{\376\377\000P\000r\000o\000g\000r\000e\000s\000s\000\040\000T\000r\000a\000c\000k\000i\000n\000g\000\040\000R\000e\000p\000o\000r\000t}{chapter.6}% 58
\BOOKMARK [0][-]{chapter.7}{\376\377\000C\000h\000a\000p\000t\000e\000r\000\040\000D\000e\000l\000i\000v\000e\000r\000a\000b\000l\000e}{}% 59
\BOOKMARK [1][-]{section.7.1}{\376\377\000S\000o\000f\000t\000w\000a\000r\000e\000\040\000S\000o\000l\000u\000t\000i\000o\000n}{chapter.7}% 60
\BOOKMARK [1][-]{section.7.2}{\376\377\000T\000e\000s\000t\000\040\000R\000e\000p\000o\000r\000t}{chapter.7}% 61
\BOOKMARK [0][-]{chapter.8}{\376\377\000C\000h\000a\000p\000t\000e\000r\000\040\000C\000o\000n\000c\000l\000u\000s\000i\000o\000n\000\040\000a\000n\000d\000\040\000D\000i\000s\000c\000u\000s\000s\000i\000o\000n}{}% 62
\BOOKMARK [0][-]{chapter*.16}{\376\377\000A\000p\000p\000e\000n\000d\000i\000x\000\040\000A\000:\000\040\000E\000x\000a\000m\000p\000l\000e}{}% 63
\BOOKMARK [0][-]{chapter*.17}{\376\377\000A\000p\000p\000e\000n\000d\000i\000x\000\040\000B\000:\000\040\000A\000b\000o\000u\000t\000\040\000L\000a\000T\000e\000X}{}% 64
